[2026-05-01 19:42:27] | IP: ::1 | Логин: admin | Действие: SUCCESS_LOGIN | Вход выполнен успешно
[2026-05-01 20:00:54] | IP: ::1 | Логин: admin | Действие: SUCCESS_LOGIN | Вход выполнен успешно
[2026-05-01 20:07:08] | IP: ::1 | Логин: admin | Действие: SUCCESS_LOGIN | Вход выполнен успешно
[2026-05-02 12:46:14] | IP: ::1 | Логин: admin | Действие: SUCCESS_LOGIN | Вход выполнен успешно
[2026-05-02 13:00:52] | IP: ::1 | Логин: admin | Действие: SUCCESS_LOGIN | Вход выполнен успешно
[2026-05-02 13:04:43] | IP: ::1 | Логин: admin | Действие: SUCCESS_LOGIN | Вход выполнен успешно
[2026-05-02 13:05:05] | IP: ::1 | Логин: admin | Действие: SUCCESS_LOGIN | Вход выполнен успешно
[2026-05-02 13:09:21] | IP: ::1 | Логин: admin | Действие: SUCCESS_LOGIN | Вход выполнен успешно
[2026-05-02 13:09:24] | IP: ::1 | Логин: admin | Действие: LOGOUT | Выход из системы
[2026-05-02 13:09:36] | IP: ::1 | Логин: admin | Действие: SUCCESS_LOGIN | Вход выполнен успешно
[2026-05-02 13:09:40] | IP: ::1 | Логин: admin | Действие: LOGOUT | Выход из системы
[2026-05-02 13:09:46] | IP: ::1 | Логин: admin | Действие: SUCCESS_LOGIN | Вход выполнен успешно
[2026-05-02 13:29:56] | IP: ::1 | Логин: admin | Действие: LOGOUT
[2026-05-02 13:30:03] | IP: ::1 | Логин: admin | Действие: FAIL_LOGIN | Неверный пароль
[2026-05-02 13:30:11] | IP: ::1 | Логин: admin | Действие: SUCCESS_LOGIN | Вход выполнен успешно
[2026-05-02 13:31:47] | IP: ::1 | Логин: admin | Действие: LOGOUT
[2026-05-02 13:32:01] | IP: ::1 | Логин: admin | Действие: FAIL_LOGIN | Неверный пароль
[2026-05-02 14:17:40] | IP: ::1 | Логин: admin | Действие: SUCCESS_LOGIN | Вход выполнен успешно
[2026-05-02 14:43:17] | IP: ::1 | Логин: admin | Действие: LOGOUT
[2026-05-02 14:43:38] | IP: ::1 | Логин: user | Действие: SUCCESS_LOGIN | Вход выполнен успешно
[2026-05-02 14:54:14] | IP: ::1 | Логин: user | Действие: LOGOUT
[2026-05-02 14:55:03] | IP: ::1 | Логин: maksim | Действие: FAIL_LOGIN | Пользователь не существует
[2026-05-02 14:55:11] | IP: ::1 | Логин: maxim | Действие: FAIL_LOGIN | Пользователь не существует
[2026-05-02 14:55:24] | IP: ::1 | Логин: maksim | Действие: FAIL_LOGIN | Пользователь не существует
[2026-05-02 14:56:07] | IP: ::1 | Логин: maksim | Действие: FAIL_LOGIN | Пользователь не существует
[2026-05-02 15:02:18] | IP: ::1 | Логин: maksim | Действие: FAIL_LOGIN | Пользователь не найден
[2026-05-02 15:02:29] | IP: ::1 | Логин: maksim | Действие: FAIL_LOGIN | Пользователь не найден
[2026-05-02 15:02:42] | IP: ::1 | Логин: admin | Действие: FAIL_LOGIN | Пользователь не найден
[2026-05-02 15:03:15] | IP: ::1 | Логин: admin@gmail.com | Действие: SUCCESS_LOGIN | Вход выполнен успешно
[2026-05-02 15:03:19] | IP: ::1 | Логин: admin | Действие: LOGOUT
[2026-05-02 15:03:38] | IP: ::1 | Логин: maksim@gmail.com | Действие: SUCCESS_LOGIN | Вход выполнен успешно
[2026-05-02 15:04:08] | IP: ::1 | Логин: maksim | Действие: LOGOUT
[2026-05-02 15:06:13] | IP: ::1 | Логин: admin@gmail.com | Действие: SUCCESS_LOGIN | Вход выполнен успешно
[2026-05-02 15:44:38] | IP: ::1 | Логин: admin | Действие: LOGOUT
[2026-05-02 15:45:08] | IP: ::1 | Логин: test@test.com | Действие: SUCCESS_LOGIN | Вход выполнен успешно
[2026-05-02 15:45:15] | IP: ::1 | Логин: Тестовый | Действие: LOGOUT
[2026-05-02 15:46:52] | IP: ::1 | Логин: test@test.com | Действие: FAIL_LOGIN | Неверный пароль
[2026-05-02 15:47:20] | IP: ::1 | Логин: test@test.com | Действие: SUCCESS_LOGIN | Вход выполнен успешно
[2026-05-02 15:47:49] | IP: ::1 | Логин: Тестовый | Действие: LOGOUT
[2026-05-02 15:48:09] | IP: ::1 | Логин: test@test.com | Действие: FAIL_LOGIN | Пользователь не найден
[2026-05-04 09:25:20] | IP: ::1 | Логин: admin@gmail.com | Действие: SUCCESS_LOGIN | Вход выполнен успешно
[2026-05-04 09:49:02] | IP: ::1 | Логин: admin | Действие: LOGOUT
[2026-05-04 09:50:19] | IP: ::1 | Логин: user@gmail.com | Действие: FAIL_LOGIN | Пользователь не найден
[2026-05-04 09:50:34] | IP: ::1 | Логин: maksim@gmail.com | Действие: SUCCESS_LOGIN | Вход выполнен успешно
[2026-05-04 09:51:02] | IP: ::1 | Логин: maksim | Действие: LOGOUT
[2026-05-04 09:51:06] | IP: ::1 | Логин: admin@gmail.com | Действие: SUCCESS_LOGIN | Вход выполнен успешно
[2026-05-04 09:51:19] | IP: ::1 | Логин: admin | Действие: LOGOUT
[2026-05-04 09:51:35] | IP: ::1 | Логин: maksim@gmail.com | Действие: SUCCESS_LOGIN | Вход выполнен успешно
[2026-05-04 09:53:18] | IP: ::1 | Логин: maksim | Действие: LOGOUT
[2026-05-04 09:53:21] | IP: ::1 | Логин: admin@gmail.com | Действие: SUCCESS_LOGIN | Вход выполнен успешно
[2026-05-04 09:58:17] | IP: ::1 | Логин: admin | Действие: LOGOUT
[2026-05-04 09:58:31] | IP: ::1 | Логин: maksim@gmail.com | Действие: FAIL_LOGIN | Неверный пароль
[2026-05-04 09:58:43] | IP: ::1 | Логин: maksim@gmail.com | Действие: SUCCESS_LOGIN | Вход выполнен успешно
[2026-05-04 10:02:05] | IP: ::1 | Логин: maksim | Действие: LOGOUT
[2026-05-04 10:02:25] | IP: ::1 | Логин: maksim@gmail.com | Действие: SUCCESS_LOGIN | Вход выполнен успешно
[2026-05-04 10:03:56] | IP: ::1 | Логин: maksim | Действие: LOGOUT
[2026-05-04 10:03:58] | IP: ::1 | Логин: admin@gmail.com | Действие: SUCCESS_LOGIN | Вход выполнен успешно
[2026-05-04 10:04:10] | IP: ::1 | Логин: admin | Действие: LOGOUT
[2026-05-04 10:04:23] | IP: ::1 | Логин: user@gmail.com | Действие: FAIL_LOGIN | Пользователь не найден
[2026-05-04 10:04:39] | IP: ::1 | Логин: user@gmail.com | Действие: FAIL_LOGIN | Пользователь не найден
[2026-05-04 10:05:00] | IP: ::1 | Логин: maksim@gmail.com | Действие: SUCCESS_LOGIN | Вход выполнен успешно
[2026-05-04 10:17:42] | IP: ::1 | Логин: maksim | Действие: LOGOUT
[2026-05-04 10:17:44] | IP: ::1 | Логин: admin@gmail.com | Действие: SUCCESS_LOGIN | Вход выполнен успешно
[2026-05-04 10:17:56] | IP: ::1 | Логин: admin | Действие: LOGOUT
[2026-05-04 10:18:07] | IP: ::1 | Логин: maksim@gmail.com | Действие: FAIL_LOGIN | Неверный пароль
[2026-05-04 10:18:20] | IP: ::1 | Логин: maksim@gmail.com | Действие: SUCCESS_LOGIN | Вход выполнен успешно
[2026-05-04 10:25:25] | IP: ::1 | Логин: maksim | Действие: LOGOUT | Выход из системы
[2026-05-04 10:25:27] | IP: ::1 | Логин: admin@gmail.com | Действие: SUCCESS_LOGIN | Вход выполнен успешно
[2026-05-04 10:25:43] | IP: ::1 | Логин: admin | Действие: LOGOUT | Выход из системы
[2026-05-04 10:25:58] | IP: ::1 | Логин: maksim@gmail.com | Действие: SUCCESS_LOGIN | Вход выполнен успешно
[2026-05-04 10:26:22] | IP: ::1 | Логин: maksim | Действие: LOGOUT | Выход из системы
[2026-05-04 10:27:29] | IP: ::1 | Логин: gas@gmail.com | Действие: SUCCESS_LOGIN | Вход выполнен успешно
[2026-05-04 10:28:55] | IP: ::1 | Логин: gas | Действие: LOGOUT | Выход из системы
